{"timestamp":"2026-05-17T09:48:11.322Z","level":"INFO","message":"Environment validation passed"}
{"timestamp":"2026-05-17T09:48:13.717Z","level":"INFO","message":"Server running on port 5000","environment":"development"}
{"timestamp":"2026-05-17T09:48:42.220Z","level":"INFO","message":"Environment validation passed"}
{"timestamp":"2026-05-17T09:48:43.897Z","level":"INFO","message":"Server running on port 5000","environment":"development"}
{"timestamp":"2026-05-17T09:48:52.899Z","level":"INFO","message":"Environment validation passed"}
{"timestamp":"2026-05-17T09:49:19.270Z","level":"INFO","message":"Environment validation passed"}
{"timestamp":"2026-05-17T09:49:20.773Z","level":"INFO","message":"Server running on port 5000","environment":"development"}
{"timestamp":"2026-05-17T09:49:58.310Z","level":"INFO","message":"Environment validation passed"}
{"timestamp":"2026-05-17T09:49:59.488Z","level":"INFO","message":"Server running on port 5000","environment":"development"}
{"timestamp":"2026-05-17T09:52:12.413Z","level":"INFO","message":"Environment validation passed"}
{"timestamp":"2026-05-17T09:52:13.876Z","level":"INFO","message":"Server running on port 5000","environment":"development"}
{"timestamp":"2026-05-17T09:58:23.091Z","level":"INFO","message":"Environment validation passed"}
{"timestamp":"2026-05-17T09:58:24.653Z","level":"INFO","message":"Server running on port 5000","environment":"development"}
{"timestamp":"2026-05-17T09:58:54.463Z","level":"INFO","message":"POST /users/login","ip":"::1"}
{"timestamp":"2026-05-17T10:01:28.960Z","level":"INFO","message":"POST /users/login","ip":"::1"}
{"timestamp":"2026-05-17T10:01:38.774Z","level":"INFO","message":"POST /users/login","ip":"::1"}
{"timestamp":"2026-05-17T10:01:49.003Z","level":"INFO","message":"POST /users/login","ip":"::1"}
{"timestamp":"2026-05-17T10:02:00.775Z","level":"INFO","message":"POST /users/login","ip":"::1"}
{"timestamp":"2026-05-17T10:03:49.072Z","level":"INFO","message":"Environment validation passed"}
{"timestamp":"2026-05-17T10:03:52.408Z","level":"INFO","message":"Server running on port 5000","environment":"development"}
{"timestamp":"2026-05-17T10:04:16.403Z","level":"INFO","message":"Environment validation passed"}
{"timestamp":"2026-05-17T10:04:18.938Z","level":"INFO","message":"Server running on port 5000","environment":"development"}
{"timestamp":"2026-05-17T10:04:29.656Z","level":"INFO","message":"POST /api/v1/users/login","ip":"::1"}
{"timestamp":"2026-05-17T10:04:30.946Z","level":"INFO","message":"GET /api/v1/users/courses","ip":"::1"}
{"timestamp":"2026-05-17T10:04:30.994Z","level":"INFO","message":"GET /api/v1/users/csvijay48@gmail.com","ip":"::1"}
{"timestamp":"2026-05-17T10:04:31.020Z","level":"INFO","message":"GET /api/v1/users/name","ip":"::1"}
{"timestamp":"2026-05-17T10:04:31.035Z","level":"INFO","message":"GET /api/v1/users/student-dashboard/courses","ip":"::1"}
{"timestamp":"2026-05-17T10:04:31.063Z","level":"INFO","message":"GET /api/v1/users/courses","ip":"::1"}
{"timestamp":"2026-05-17T10:04:31.081Z","level":"INFO","message":"GET /api/v1/users/csvijay48@gmail.com","ip":"::1"}
{"timestamp":"2026-05-17T10:04:31.137Z","level":"INFO","message":"GET /api/v1/users/name","ip":"::1"}
{"timestamp":"2026-05-17T10:04:31.471Z","level":"INFO","message":"GET /api/v1/users/student-dashboard/courses","ip":"::1"}
{"timestamp":"2026-05-18T14:53:20.694Z","level":"INFO","message":"POST /api/v1/users/login","ip":"::1"}
{"timestamp":"2026-05-18T14:53:24.359Z","level":"INFO","message":"POST /api/v1/users/login","ip":"::1"}
{"timestamp":"2026-05-18T14:53:25.433Z","level":"INFO","message":"GET /api/v1/users/courses","ip":"::1"}
{"timestamp":"2026-05-18T14:53:25.441Z","level":"INFO","message":"GET /api/v1/users/student-dashboard/courses","ip":"::1"}
{"timestamp":"2026-05-18T14:53:25.451Z","level":"INFO","message":"GET /api/v1/users/name","ip":"::1"}
{"timestamp":"2026-05-18T14:53:25.459Z","level":"INFO","message":"GET /api/v1/users/csvijay48@gmail.com","ip":"::1"}
{"timestamp":"2026-05-18T14:53:25.600Z","level":"INFO","message":"GET /api/v1/users/courses","ip":"::1"}
{"timestamp":"2026-05-18T14:53:25.865Z","level":"INFO","message":"GET /api/v1/users/name","ip":"::1"}
{"timestamp":"2026-05-18T14:53:26.258Z","level":"INFO","message":"GET /api/v1/users/csvijay48@gmail.com","ip":"::1"}
{"timestamp":"2026-05-18T14:53:26.670Z","level":"INFO","message":"GET /api/v1/users/student-dashboard/courses","ip":"::1"}
{"timestamp":"2026-05-18T14:53:34.551Z","level":"INFO","message":"POST /api/v1/users/login","ip":"::1"}
{"timestamp":"2026-05-18T14:53:34.768Z","level":"INFO","message":"GET /api/v1/users/courses","ip":"::1"}
{"timestamp":"2026-05-18T14:53:34.772Z","level":"INFO","message":"GET /api/v1/users/csvijay48@gmail.com","ip":"::1"}
{"timestamp":"2026-05-18T14:53:34.778Z","level":"INFO","message":"GET /api/v1/users/name","ip":"::1"}
{"timestamp":"2026-05-18T14:53:34.788Z","level":"INFO","message":"GET /api/v1/users/student-dashboard/courses","ip":"::1"}
{"timestamp":"2026-05-18T14:53:34.832Z","level":"INFO","message":"GET /api/v1/users/courses","ip":"::1"}
{"timestamp":"2026-05-18T14:53:34.855Z","level":"INFO","message":"GET /api/v1/users/csvijay48@gmail.com","ip":"::1"}
{"timestamp":"2026-05-18T14:53:34.864Z","level":"INFO","message":"GET /api/v1/users/name","ip":"::1"}
{"timestamp":"2026-05-18T14:53:34.899Z","level":"INFO","message":"GET /api/v1/users/student-dashboard/courses","ip":"::1"}
{"timestamp":"2026-05-18T14:53:37.262Z","level":"INFO","message":"GET /api/v1/users/student-dashboard/courses","ip":"::1"}
{"timestamp":"2026-05-18T14:53:37.265Z","level":"INFO","message":"GET /api/v1/users/student-dashboard/my-courses","ip":"::1"}
{"timestamp":"2026-05-18T14:53:39.741Z","level":"INFO","message":"GET /api/v1/users/student-dashboard/courses","ip":"::1"}
{"timestamp":"2026-05-18T14:53:39.750Z","level":"INFO","message":"GET /api/v1/users/student-dashboard/my-courses","ip":"::1"}
{"timestamp":"2026-05-18T14:53:41.292Z","level":"INFO","message":"GET /api/v1/users/courses","ip":"::1"}
{"timestamp":"2026-05-18T14:53:41.298Z","level":"INFO","message":"GET /api/v1/users/csvijay48@gmail.com","ip":"::1"}
{"timestamp":"2026-05-18T14:53:41.301Z","level":"INFO","message":"GET /api/v1/users/student/csvijay48@gmail.com","ip":"::1"}
{"timestamp":"2026-05-18T14:53:41.379Z","level":"INFO","message":"GET /api/v1/users/courses","ip":"::1"}
{"timestamp":"2026-05-18T14:53:41.386Z","level":"INFO","message":"GET /api/v1/users/student/csvijay48@gmail.com","ip":"::1"}
{"timestamp":"2026-05-18T14:53:41.392Z","level":"INFO","message":"GET /api/v1/users/csvijay48@gmail.com","ip":"::1"}
{"timestamp":"2026-05-18T14:53:55.077Z","level":"INFO","message":"POST /api/v1/users/login","ip":"::1"}
{"timestamp":"2026-05-18T14:53:55.257Z","level":"INFO","message":"GET /api/v1/users/courses","ip":"::1"}
{"timestamp":"2026-05-18T14:53:55.264Z","level":"INFO","message":"GET /api/v1/users/csvijay48@gmail.com","ip":"::1"}
{"timestamp":"2026-05-18T14:53:55.271Z","level":"INFO","message":"GET /api/v1/users/name","ip":"::1"}
{"timestamp":"2026-05-18T14:53:55.274Z","level":"INFO","message":"GET /api/v1/users/student-dashboard/courses","ip":"::1"}
{"timestamp":"2026-05-18T14:53:55.349Z","level":"INFO","message":"GET /api/v1/users/courses","ip":"::1"}
{"timestamp":"2026-05-18T14:53:55.354Z","level":"INFO","message":"GET /api/v1/users/name","ip":"::1"}
{"timestamp":"2026-05-18T14:53:55.358Z","level":"INFO","message":"GET /api/v1/users/csvijay48@gmail.com","ip":"::1"}
{"timestamp":"2026-05-18T14:53:55.449Z","level":"INFO","message":"GET /api/v1/users/student-dashboard/courses","ip":"::1"}
{"timestamp":"2026-05-18T14:54:16.463Z","level":"INFO","message":"GET /api/v1/users/courses/6838194431506c97b67a59ea","ip":"::1"}
{"timestamp":"2026-05-18T14:54:17.001Z","level":"INFO","message":"GET /api/v1/users/courses/6838194431506c97b67a59ea","ip":"::1"}
{"timestamp":"2026-05-18T14:54:17.012Z","level":"INFO","message":"GET /api/v1/users/instructors/suhas.june.one@gmail.com","ip":"::1"}
{"timestamp":"2026-05-18T14:54:17.335Z","level":"INFO","message":"GET /api/v1/users/instructors/suhas.june.one@gmail.com","ip":"::1"}
{"timestamp":"2026-05-18T14:54:17.351Z","level":"INFO","message":"POST /api/v1/users/check-course-purchase","ip":"::1"}
{"timestamp":"2026-05-18T14:54:17.386Z","level":"INFO","message":"GET /api/v1/users/courses","ip":"::1"}
{"timestamp":"2026-05-18T14:54:17.390Z","level":"INFO","message":"GET /api/v1/users/csvijay48@gmail.com","ip":"::1"}
{"timestamp":"2026-05-18T14:54:17.872Z","level":"INFO","message":"POST /api/v1/users/check-course-purchase","ip":"::1"}
{"timestamp":"2026-05-18T14:54:18.117Z","level":"INFO","message":"GET /api/v1/users/csvijay48@gmail.com","ip":"::1"}
{"timestamp":"2026-05-18T14:54:18.125Z","level":"INFO","message":"GET /api/v1/users/courses","ip":"::1"}
{"timestamp":"2026-05-19T01:29:51.764Z","level":"INFO","message":"POST /api/v1/users/login","ip":"::1"}
{"timestamp":"2026-05-19T01:29:52.857Z","level":"INFO","message":"GET /api/v1/users/courses","ip":"::1"}
{"timestamp":"2026-05-19T01:29:52.872Z","level":"INFO","message":"GET /api/v1/users/student-dashboard/courses","ip":"::1"}
{"timestamp":"2026-05-19T01:29:52.882Z","level":"INFO","message":"GET /api/v1/users/csvijay48@gmail.com","ip":"::1"}
{"timestamp":"2026-05-19T01:29:52.891Z","level":"INFO","message":"GET /api/v1/users/name","ip":"::1"}
{"timestamp":"2026-05-19T01:29:52.962Z","level":"INFO","message":"GET /api/v1/users/courses","ip":"::1"}
{"timestamp":"2026-05-19T01:29:53.021Z","level":"INFO","message":"GET /api/v1/users/name","ip":"::1"}
{"timestamp":"2026-05-19T01:29:53.370Z","level":"INFO","message":"GET /api/v1/users/csvijay48@gmail.com","ip":"::1"}
{"timestamp":"2026-05-19T01:29:53.426Z","level":"INFO","message":"GET /api/v1/users/student-dashboard/courses","ip":"::1"}
{"timestamp":"2026-05-19T01:33:24.448Z","level":"INFO","message":"POST /api/v1/instructors/login","ip":"::1"}
{"timestamp":"2026-05-19T01:33:24.761Z","level":"INFO","message":"POST /api/v1/instructors/courses","ip":"::1"}
{"timestamp":"2026-05-19T01:33:24.775Z","level":"INFO","message":"POST /api/v1/instructors/courses","ip":"::1"}
{"timestamp":"2026-05-19T01:35:33.204Z","level":"INFO","message":"POST /api/v1/instructors/upload-image","ip":"::1"}
{"timestamp":"2026-05-19T01:36:04.258Z","level":"INFO","message":"POST /api/v1/instructors/upload-video","ip":"::1"}
{"timestamp":"2026-05-19T01:36:36.974Z","level":"INFO","message":"POST /api/v1/instructors/create-course","ip":"::1"}
{"timestamp":"2026-05-19T01:37:07.403Z","level":"INFO","message":"POST /api/v1/instructors/courses","ip":"::1"}
{"timestamp":"2026-05-19T01:37:07.415Z","level":"INFO","message":"POST /api/v1/instructors/courses","ip":"::1"}
{"timestamp":"2026-05-19T01:37:17.130Z","level":"INFO","message":"GET /api/v1/instructors/courses/vijay@gmail.com","ip":"::1"}
{"timestamp":"2026-05-19T01:37:17.320Z","level":"INFO","message":"GET /api/v1/instructors/courses/vijay@gmail.com","ip":"::1"}
{"timestamp":"2026-05-19T01:37:19.920Z","level":"INFO","message":"GET /api/v1/instructors/courses/vijay@gmail.com/6a0bbea4d205c8b5e1257745/students","ip":"::1"}
{"timestamp":"2026-05-19T01:37:30.981Z","level":"INFO","message":"POST /api/v1/instructors/courses","ip":"::1"}
{"timestamp":"2026-05-19T01:37:31.005Z","level":"INFO","message":"POST /api/v1/instructors/courses","ip":"::1"}
{"timestamp":"2026-05-19T01:37:55.548Z","level":"INFO","message":"POST /api/v1/instructors/login","ip":"::1"}
{"timestamp":"2026-05-19T01:38:10.522Z","level":"INFO","message":"POST /api/v1/users/login","ip":"::1"}
{"timestamp":"2026-05-19T01:38:10.960Z","level":"INFO","message":"GET /api/v1/users/courses","ip":"::1"}
{"timestamp":"2026-05-19T01:38:10.968Z","level":"INFO","message":"GET /api/v1/users/csvijay48@gmail.com","ip":"::1"}
{"timestamp":"2026-05-19T01:38:10.974Z","level":"INFO","message":"GET /api/v1/users/name","ip":"::1"}
{"timestamp":"2026-05-19T01:38:10.979Z","level":"INFO","message":"GET /api/v1/users/student-dashboard/courses","ip":"::1"}
{"timestamp":"2026-05-19T01:38:11.041Z","level":"INFO","message":"GET /api/v1/users/courses","ip":"::1"}
{"timestamp":"2026-05-19T01:38:11.051Z","level":"INFO","message":"GET /api/v1/users/csvijay48@gmail.com","ip":"::1"}
{"timestamp":"2026-05-19T01:38:11.113Z","level":"INFO","message":"GET /api/v1/users/name","ip":"::1"}
{"timestamp":"2026-05-19T01:38:11.639Z","level":"INFO","message":"GET /api/v1/users/student-dashboard/courses","ip":"::1"}
{"timestamp":"2026-05-19T01:41:26.971Z","level":"INFO","message":"GET /api/v1/users/courses","ip":"::1"}
{"timestamp":"2026-05-19T01:41:26.988Z","level":"INFO","message":"GET /api/v1/users/csvijay48@gmail.com","ip":"::1"}
{"timestamp":"2026-05-19T01:41:27.004Z","level":"INFO","message":"GET /api/v1/users/student/csvijay48@gmail.com","ip":"::1"}
{"timestamp":"2026-05-19T01:41:27.070Z","level":"INFO","message":"GET /api/v1/users/courses","ip":"::1"}
{"timestamp":"2026-05-19T01:41:27.137Z","level":"INFO","message":"GET /api/v1/users/student/csvijay48@gmail.com","ip":"::1"}
{"timestamp":"2026-05-19T01:41:27.155Z","level":"INFO","message":"GET /api/v1/users/csvijay48@gmail.com","ip":"::1"}
{"timestamp":"2026-05-19T01:51:47.338Z","level":"INFO","message":"GET /api/v1/users/courses","ip":"::1"}
{"timestamp":"2026-05-19T01:51:47.348Z","level":"INFO","message":"GET /api/v1/users/csvijay48@gmail.com","ip":"::1"}
{"timestamp":"2026-05-19T01:51:47.357Z","level":"INFO","message":"GET /api/v1/users/name","ip":"::1"}
{"timestamp":"2026-05-19T01:51:47.369Z","level":"INFO","message":"GET /api/v1/users/student-dashboard/courses","ip":"::1"}
{"timestamp":"2026-05-19T01:51:48.655Z","level":"INFO","message":"GET /api/v1/users/courses","ip":"::1"}
{"timestamp":"2026-05-19T01:51:48.670Z","level":"INFO","message":"GET /api/v1/users/csvijay48@gmail.com","ip":"::1"}
{"timestamp":"2026-05-19T01:51:48.697Z","level":"INFO","message":"GET /api/v1/users/name","ip":"::1"}
{"timestamp":"2026-05-19T01:51:48.709Z","level":"INFO","message":"GET /api/v1/users/student-dashboard/courses","ip":"::1"}
{"timestamp":"2026-05-19T01:52:47.179Z","level":"INFO","message":"GET /api/v1/users/courses","ip":"::1"}
{"timestamp":"2026-05-19T01:52:47.192Z","level":"INFO","message":"GET /api/v1/users/csvijay48@gmail.com","ip":"::1"}
{"timestamp":"2026-05-19T01:52:47.205Z","level":"INFO","message":"GET /api/v1/users/name","ip":"::1"}
{"timestamp":"2026-05-19T01:52:47.229Z","level":"INFO","message":"GET /api/v1/users/student-dashboard/courses","ip":"::1"}
{"timestamp":"2026-05-19T01:52:47.252Z","level":"INFO","message":"GET /api/v1/users/csvijay48@gmail.com","ip":"::1"}
{"timestamp":"2026-05-19T01:52:47.266Z","level":"INFO","message":"GET /api/v1/users/courses","ip":"::1"}
{"timestamp":"2026-05-19T01:52:47.301Z","level":"INFO","message":"GET /api/v1/users/name","ip":"::1"}
{"timestamp":"2026-05-19T01:52:47.383Z","level":"INFO","message":"GET /api/v1/users/name","ip":"::1"}
{"timestamp":"2026-05-19T02:02:43.751Z","level":"INFO","message":"GET /api/v1/users/courses","ip":"::1"}
{"timestamp":"2026-05-19T02:02:43.771Z","level":"INFO","message":"GET /api/v1/users/csvijay48@gmail.com","ip":"::1"}
{"timestamp":"2026-05-19T02:02:43.779Z","level":"INFO","message":"GET /api/v1/users/name","ip":"::1"}
{"timestamp":"2026-05-19T02:02:43.798Z","level":"INFO","message":"GET /api/v1/users/student-dashboard/courses","ip":"::1"}
{"timestamp":"2026-05-19T02:02:43.840Z","level":"INFO","message":"GET /api/v1/users/csvijay48@gmail.com","ip":"::1"}
{"timestamp":"2026-05-19T02:02:43.854Z","level":"INFO","message":"GET /api/v1/users/courses","ip":"::1"}
{"timestamp":"2026-05-19T02:02:43.871Z","level":"INFO","message":"GET /api/v1/users/name","ip":"::1"}
{"timestamp":"2026-05-19T02:02:43.885Z","level":"INFO","message":"GET /api/v1/users/student-dashboard/courses","ip":"::1"}
{"timestamp":"2026-05-19T02:02:43.938Z","level":"INFO","message":"GET /api/v1/users/name","ip":"::1"}
{"timestamp":"2026-05-19T02:02:44.026Z","level":"INFO","message":"GET /api/v1/users/name","ip":"::1"}
{"timestamp":"2026-05-19T02:02:51.803Z","level":"INFO","message":"GET /api/v1/users/student-dashboard/courses","ip":"::1"}
{"timestamp":"2026-05-19T02:02:51.825Z","level":"INFO","message":"GET /api/v1/users/student-dashboard/my-courses","ip":"::1"}
{"timestamp":"2026-05-19T02:02:52.757Z","level":"INFO","message":"GET /api/v1/users/student-dashboard/courses","ip":"::1"}
{"timestamp":"2026-05-19T02:02:52.771Z","level":"INFO","message":"GET /api/v1/users/student-dashboard/my-courses","ip":"::1"}
{"timestamp":"2026-05-19T02:02:59.012Z","level":"INFO","message":"GET /api/v1/users/courses","ip":"::1"}
{"timestamp":"2026-05-19T02:02:59.032Z","level":"INFO","message":"GET /api/v1/users/csvijay48@gmail.com","ip":"::1"}
{"timestamp":"2026-05-19T02:02:59.049Z","level":"INFO","message":"GET /api/v1/users/name","ip":"::1"}
{"timestamp":"2026-05-19T02:02:59.069Z","level":"INFO","message":"GET /api/v1/users/student/csvijay48@gmail.com","ip":"::1"}
{"timestamp":"2026-05-19T02:02:59.113Z","level":"INFO","message":"GET /api/v1/users/courses","ip":"::1"}
{"timestamp":"2026-05-19T02:02:59.151Z","level":"INFO","message":"GET /api/v1/users/csvijay48@gmail.com","ip":"::1"}
{"timestamp":"2026-05-19T02:02:59.178Z","level":"INFO","message":"GET /api/v1/users/name","ip":"::1"}
{"timestamp":"2026-05-19T02:02:59.193Z","level":"INFO","message":"GET /api/v1/users/student/csvijay48@gmail.com","ip":"::1"}
{"timestamp":"2026-05-19T02:03:02.500Z","level":"INFO","message":"GET /api/v1/users/courses","ip":"::1"}
{"timestamp":"2026-05-19T02:03:02.516Z","level":"INFO","message":"GET /api/v1/users/csvijay48@gmail.com","ip":"::1"}
{"timestamp":"2026-05-19T02:03:02.530Z","level":"INFO","message":"GET /api/v1/users/name","ip":"::1"}
{"timestamp":"2026-05-19T02:03:02.548Z","level":"INFO","message":"GET /api/v1/users/student-dashboard/courses","ip":"::1"}
{"timestamp":"2026-05-19T02:03:02.614Z","level":"INFO","message":"GET /api/v1/users/csvijay48@gmail.com","ip":"::1"}
{"timestamp":"2026-05-19T02:03:02.627Z","level":"INFO","message":"GET /api/v1/users/courses","ip":"::1"}
{"timestamp":"2026-05-19T02:03:02.639Z","level":"INFO","message":"GET /api/v1/users/name","ip":"::1"}
{"timestamp":"2026-05-19T02:03:02.665Z","level":"INFO","message":"GET /api/v1/users/student-dashboard/courses","ip":"::1"}
{"timestamp":"2026-05-19T02:03:02.732Z","level":"INFO","message":"GET /api/v1/users/name","ip":"::1"}
{"timestamp":"2026-05-19T02:03:02.817Z","level":"INFO","message":"GET /api/v1/users/name","ip":"::1"}
{"timestamp":"2026-05-19T02:03:06.719Z","level":"INFO","message":"GET /api/v1/users/courses/6838194431506c97b67a59ea","ip":"::1"}
{"timestamp":"2026-05-19T02:03:06.810Z","level":"INFO","message":"GET /api/v1/users/courses/6838194431506c97b67a59ea","ip":"::1"}
{"timestamp":"2026-05-19T02:03:06.826Z","level":"INFO","message":"GET /api/v1/users/instructors/suhas.june.one@gmail.com","ip":"::1"}
{"timestamp":"2026-05-19T02:03:06.929Z","level":"INFO","message":"GET /api/v1/users/instructors/suhas.june.one@gmail.com","ip":"::1"}
{"timestamp":"2026-05-19T02:03:06.948Z","level":"INFO","message":"POST /api/v1/users/check-course-purchase","ip":"::1"}
{"timestamp":"2026-05-19T02:03:06.990Z","level":"INFO","message":"GET /api/v1/users/courses","ip":"::1"}
{"timestamp":"2026-05-19T02:03:07.004Z","level":"INFO","message":"GET /api/v1/users/csvijay48@gmail.com","ip":"::1"}
{"timestamp":"2026-05-19T02:03:07.017Z","level":"INFO","message":"GET /api/v1/users/name","ip":"::1"}
{"timestamp":"2026-05-19T02:03:07.048Z","level":"INFO","message":"POST /api/v1/users/check-course-purchase","ip":"::1"}
{"timestamp":"2026-05-19T02:03:07.079Z","level":"INFO","message":"GET /api/v1/users/courses","ip":"::1"}
{"timestamp":"2026-05-19T02:03:07.096Z","level":"INFO","message":"GET /api/v1/users/csvijay48@gmail.com","ip":"::1"}
{"timestamp":"2026-05-19T02:03:07.818Z","level":"INFO","message":"GET /api/v1/users/name","ip":"::1"}
{"timestamp":"2026-05-19T02:03:20.301Z","level":"INFO","message":"GET /api/v1/users/courses","ip":"::1"}
{"timestamp":"2026-05-19T02:03:20.338Z","level":"INFO","message":"GET /api/v1/users/csvijay48@gmail.com","ip":"::1"}
{"timestamp":"2026-05-19T02:03:20.352Z","level":"INFO","message":"GET /api/v1/users/name","ip":"::1"}
{"timestamp":"2026-05-19T02:03:20.365Z","level":"INFO","message":"GET /api/v1/users/student-dashboard/courses","ip":"::1"}
{"timestamp":"2026-05-19T02:03:20.399Z","level":"INFO","message":"GET /api/v1/users/courses","ip":"::1"}
{"timestamp":"2026-05-19T02:03:20.428Z","level":"INFO","message":"GET /api/v1/users/csvijay48@gmail.com","ip":"::1"}
{"timestamp":"2026-05-19T02:03:20.484Z","level":"INFO","message":"GET /api/v1/users/name","ip":"::1"}
{"timestamp":"2026-05-19T02:03:20.499Z","level":"INFO","message":"GET /api/v1/users/student-dashboard/courses","ip":"::1"}
{"timestamp":"2026-05-19T02:03:20.560Z","level":"INFO","message":"GET /api/v1/users/name","ip":"::1"}
{"timestamp":"2026-05-19T02:03:20.646Z","level":"INFO","message":"GET /api/v1/users/name","ip":"::1"}
{"timestamp":"2026-05-19T02:03:23.721Z","level":"INFO","message":"GET /api/v1/users/courses/6a0bbea4d205c8b5e1257745","ip":"::1"}
{"timestamp":"2026-05-19T02:03:23.819Z","level":"INFO","message":"GET /api/v1/users/courses/6a0bbea4d205c8b5e1257745","ip":"::1"}
{"timestamp":"2026-05-19T02:03:23.842Z","level":"INFO","message":"GET /api/v1/users/instructors/vijay@gmail.com","ip":"::1"}
{"timestamp":"2026-05-19T02:03:23.918Z","level":"INFO","message":"GET /api/v1/users/instructors/vijay@gmail.com","ip":"::1"}
{"timestamp":"2026-05-19T02:03:23.934Z","level":"INFO","message":"POST /api/v1/users/check-course-purchase","ip":"::1"}
{"timestamp":"2026-05-19T02:03:23.960Z","level":"INFO","message":"GET /api/v1/users/courses","ip":"::1"}
{"timestamp":"2026-05-19T02:03:23.979Z","level":"INFO","message":"GET /api/v1/users/csvijay48@gmail.com","ip":"::1"}
{"timestamp":"2026-05-19T02:03:23.995Z","level":"INFO","message":"GET /api/v1/users/name","ip":"::1"}
{"timestamp":"2026-05-19T02:03:24.033Z","level":"INFO","message":"POST /api/v1/users/check-course-purchase","ip":"::1"}
{"timestamp":"2026-05-19T02:03:24.068Z","level":"INFO","message":"GET /api/v1/users/courses","ip":"::1"}
{"timestamp":"2026-05-19T02:03:24.093Z","level":"INFO","message":"GET /api/v1/users/csvijay48@gmail.com","ip":"::1"}
{"timestamp":"2026-05-19T02:03:24.112Z","level":"INFO","message":"GET /api/v1/users/name","ip":"::1"}
{"timestamp":"2026-05-19T02:03:28.203Z","level":"INFO","message":"GET /api/v1/users/courses","ip":"::1"}
{"timestamp":"2026-05-19T02:03:28.218Z","level":"INFO","message":"GET /api/v1/users/csvijay48@gmail.com","ip":"::1"}
{"timestamp":"2026-05-19T02:03:28.231Z","level":"INFO","message":"GET /api/v1/users/name","ip":"::1"}
{"timestamp":"2026-05-19T02:03:28.246Z","level":"INFO","message":"GET /api/v1/users/student-dashboard/courses","ip":"::1"}
{"timestamp":"2026-05-19T02:03:28.326Z","level":"INFO","message":"GET /api/v1/users/courses","ip":"::1"}
{"timestamp":"2026-05-19T02:03:28.339Z","level":"INFO","message":"GET /api/v1/users/csvijay48@gmail.com","ip":"::1"}
{"timestamp":"2026-05-19T02:03:28.351Z","level":"INFO","message":"GET /api/v1/users/name","ip":"::1"}
{"timestamp":"2026-05-19T02:03:28.379Z","level":"INFO","message":"GET /api/v1/users/student-dashboard/courses","ip":"::1"}
{"timestamp":"2026-05-19T02:03:28.433Z","level":"INFO","message":"GET /api/v1/users/name","ip":"::1"}
{"timestamp":"2026-05-19T02:03:28.527Z","level":"INFO","message":"GET /api/v1/users/name","ip":"::1"}
{"timestamp":"2026-05-19T02:03:29.555Z","level":"INFO","message":"GET /api/v1/users/student-dashboard/courses","ip":"::1"}
{"timestamp":"2026-05-19T02:03:29.586Z","level":"INFO","message":"GET /api/v1/users/student-dashboard/my-courses","ip":"::1"}
{"timestamp":"2026-05-19T02:03:31.872Z","level":"INFO","message":"GET /api/v1/users/courses","ip":"::1"}
{"timestamp":"2026-05-19T02:03:31.880Z","level":"INFO","message":"GET /api/v1/users/csvijay48@gmail.com","ip":"::1"}
{"timestamp":"2026-05-19T02:03:31.888Z","level":"INFO","message":"GET /api/v1/users/name","ip":"::1"}
{"timestamp":"2026-05-19T02:03:31.903Z","level":"INFO","message":"GET /api/v1/users/course-content","ip":"::1"}
{"timestamp":"2026-05-19T02:03:31.956Z","level":"INFO","message":"GET /api/v1/users/courses","ip":"::1"}
{"timestamp":"2026-05-19T02:03:31.970Z","level":"INFO","message":"GET /api/v1/users/csvijay48@gmail.com","ip":"::1"}
{"timestamp":"2026-05-19T02:03:31.991Z","level":"INFO","message":"GET /api/v1/users/name","ip":"::1"}
{"timestamp":"2026-05-19T02:03:32.064Z","level":"INFO","message":"GET /api/v1/users/course-content","ip":"::1"}
{"timestamp":"2026-05-19T02:03:43.065Z","level":"INFO","message":"GET /api/v1/users/courses","ip":"::1"}
{"timestamp":"2026-05-19T02:03:43.114Z","level":"INFO","message":"GET /api/v1/users/csvijay48@gmail.com","ip":"::1"}
{"timestamp":"2026-05-19T02:03:43.136Z","level":"INFO","message":"GET /api/v1/users/name","ip":"::1"}
{"timestamp":"2026-05-19T02:03:43.150Z","level":"INFO","message":"GET /api/v1/users/student-dashboard/courses","ip":"::1"}
{"timestamp":"2026-05-19T02:03:43.303Z","level":"INFO","message":"GET /api/v1/users/courses","ip":"::1"}
{"timestamp":"2026-05-19T02:03:43.344Z","level":"INFO","message":"GET /api/v1/users/name","ip":"::1"}
{"timestamp":"2026-05-19T02:03:43.367Z","level":"INFO","message":"GET /api/v1/users/csvijay48@gmail.com","ip":"::1"}
{"timestamp":"2026-05-19T02:03:43.381Z","level":"INFO","message":"GET /api/v1/users/student-dashboard/courses","ip":"::1"}
{"timestamp":"2026-05-19T02:03:43.692Z","level":"INFO","message":"GET /api/v1/users/name","ip":"::1"}
{"timestamp":"2026-05-19T02:03:43.862Z","level":"INFO","message":"GET /api/v1/users/name","ip":"::1"}
{"timestamp":"2026-05-19T02:04:17.922Z","level":"INFO","message":"POST /api/v1/instructors/login","ip":"::1"}
{"timestamp":"2026-05-19T02:04:18.438Z","level":"INFO","message":"POST /api/v1/instructors/courses","ip":"::1"}
{"timestamp":"2026-05-19T02:04:18.449Z","level":"INFO","message":"POST /api/v1/instructors/courses","ip":"::1"}
{"timestamp":"2026-05-19T02:04:30.534Z","level":"INFO","message":"GET /api/v1/instructors/courses/vijay@gmail.com","ip":"::1"}
{"timestamp":"2026-05-19T02:04:30.612Z","level":"INFO","message":"GET /api/v1/instructors/courses/vijay@gmail.com","ip":"::1"}
{"timestamp":"2026-05-19T02:04:32.251Z","level":"INFO","message":"GET /api/v1/instructors/courses/vijay@gmail.com/6a0bbea4d205c8b5e1257745/students","ip":"::1"}
{"timestamp":"2026-05-19T02:04:34.040Z","level":"INFO","message":"GET /api/v1/instructors/courses/vijay@gmail.com/6a0bbea4d205c8b5e1257745/students","ip":"::1"}
{"timestamp":"2026-05-19T02:04:49.943Z","level":"INFO","message":"POST /api/v1/users/login","ip":"::1"}
{"timestamp":"2026-05-19T02:04:50.400Z","level":"INFO","message":"GET /api/v1/users/courses","ip":"::1"}
{"timestamp":"2026-05-19T02:04:50.410Z","level":"INFO","message":"GET /api/v1/users/csvijay48@gmail.com","ip":"::1"}
{"timestamp":"2026-05-19T02:04:50.417Z","level":"INFO","message":"GET /api/v1/users/name","ip":"::1"}
{"timestamp":"2026-05-19T02:04:50.425Z","level":"INFO","message":"GET /api/v1/users/student-dashboard/courses","ip":"::1"}
{"timestamp":"2026-05-19T02:04:50.496Z","level":"INFO","message":"GET /api/v1/users/courses","ip":"::1"}
{"timestamp":"2026-05-19T02:04:50.513Z","level":"INFO","message":"GET /api/v1/users/csvijay48@gmail.com","ip":"::1"}
{"timestamp":"2026-05-19T02:04:50.526Z","level":"INFO","message":"GET /api/v1/users/name","ip":"::1"}
{"timestamp":"2026-05-19T02:04:50.551Z","level":"INFO","message":"GET /api/v1/users/student-dashboard/courses","ip":"::1"}
{"timestamp":"2026-05-19T02:04:50.595Z","level":"INFO","message":"GET /api/v1/users/name","ip":"::1"}
{"timestamp":"2026-05-19T02:04:50.717Z","level":"INFO","message":"GET /api/v1/users/name","ip":"::1"}
{"timestamp":"2026-05-19T02:04:53.092Z","level":"INFO","message":"GET /api/v1/users/courses/6a0bbea4d205c8b5e1257745","ip":"::1"}
{"timestamp":"2026-05-19T02:04:53.166Z","level":"INFO","message":"GET /api/v1/users/courses/6a0bbea4d205c8b5e1257745","ip":"::1"}
{"timestamp":"2026-05-19T02:04:53.183Z","level":"INFO","message":"GET /api/v1/users/instructors/vijay@gmail.com","ip":"::1"}
{"timestamp":"2026-05-19T02:04:53.264Z","level":"INFO","message":"GET /api/v1/users/instructors/vijay@gmail.com","ip":"::1"}
{"timestamp":"2026-05-19T02:04:53.282Z","level":"INFO","message":"POST /api/v1/users/check-course-purchase","ip":"::1"}
{"timestamp":"2026-05-19T02:04:53.305Z","level":"INFO","message":"GET /api/v1/users/courses","ip":"::1"}
{"timestamp":"2026-05-19T02:04:53.323Z","level":"INFO","message":"GET /api/v1/users/csvijay48@gmail.com","ip":"::1"}
{"timestamp":"2026-05-19T02:04:53.337Z","level":"INFO","message":"GET /api/v1/users/name","ip":"::1"}
{"timestamp":"2026-05-19T02:04:53.369Z","level":"INFO","message":"POST /api/v1/users/check-course-purchase","ip":"::1"}
{"timestamp":"2026-05-19T02:04:53.395Z","level":"INFO","message":"GET /api/v1/users/courses","ip":"::1"}
{"timestamp":"2026-05-19T02:04:53.412Z","level":"INFO","message":"GET /api/v1/users/csvijay48@gmail.com","ip":"::1"}
{"timestamp":"2026-05-19T02:04:53.472Z","level":"INFO","message":"GET /api/v1/users/name","ip":"::1"}
{"timestamp":"2026-05-19T02:05:03.640Z","level":"INFO","message":"PUT /api/v1/users/addCourse","ip":"::1"}
{"timestamp":"2026-05-19T02:05:03.670Z","level":"INFO","message":"PUT /api/v1/users/addCourse","ip":"::1"}
{"timestamp":"2026-05-19T02:05:03.797Z","level":"INFO","message":"GET /api/v1/users/courses","ip":"::1"}
{"timestamp":"2026-05-19T02:05:03.833Z","level":"INFO","message":"GET /api/v1/users/csvijay48@gmail.com","ip":"::1"}
{"timestamp":"2026-05-19T02:05:03.848Z","level":"INFO","message":"GET /api/v1/users/name","ip":"::1"}
{"timestamp":"2026-05-19T02:05:03.864Z","level":"INFO","message":"GET /api/v1/users/student-dashboard/courses","ip":"::1"}
{"timestamp":"2026-05-19T02:05:03.885Z","level":"INFO","message":"GET /api/v1/users/courses","ip":"::1"}
{"timestamp":"2026-05-19T02:05:03.919Z","level":"INFO","message":"GET /api/v1/users/csvijay48@gmail.com","ip":"::1"}
{"timestamp":"2026-05-19T02:05:03.941Z","level":"INFO","message":"GET /api/v1/users/name","ip":"::1"}
{"timestamp":"2026-05-19T02:05:03.956Z","level":"INFO","message":"GET /api/v1/users/student-dashboard/courses","ip":"::1"}
{"timestamp":"2026-05-19T02:05:04.033Z","level":"INFO","message":"GET /api/v1/users/name","ip":"::1"}
{"timestamp":"2026-05-19T02:05:04.104Z","level":"INFO","message":"GET /api/v1/users/name","ip":"::1"}
{"timestamp":"2026-05-19T02:05:06.265Z","level":"INFO","message":"GET /api/v1/users/student-dashboard/courses","ip":"::1"}
{"timestamp":"2026-05-19T02:05:06.278Z","level":"INFO","message":"GET /api/v1/users/student-dashboard/my-courses","ip":"::1"}
{"timestamp":"2026-05-19T02:05:28.454Z","level":"INFO","message":"GET /api/v1/users/courses","ip":"::1"}
{"timestamp":"2026-05-19T02:05:28.478Z","level":"INFO","message":"GET /api/v1/users/csvijay48@gmail.com","ip":"::1"}
{"timestamp":"2026-05-19T02:05:28.497Z","level":"INFO","message":"GET /api/v1/users/name","ip":"::1"}
{"timestamp":"2026-05-19T02:05:28.512Z","level":"INFO","message":"GET /api/v1/users/student/csvijay48@gmail.com","ip":"::1"}
{"timestamp":"2026-05-19T02:05:28.545Z","level":"INFO","message":"GET /api/v1/users/courses","ip":"::1"}
{"timestamp":"2026-05-19T02:05:28.579Z","level":"INFO","message":"GET /api/v1/users/name","ip":"::1"}
{"timestamp":"2026-05-19T02:05:28.596Z","level":"INFO","message":"GET /api/v1/users/csvijay48@gmail.com","ip":"::1"}
{"timestamp":"2026-05-19T02:05:28.624Z","level":"INFO","message":"GET /api/v1/users/student/csvijay48@gmail.com","ip":"::1"}
{"timestamp":"2026-05-19T02:05:59.354Z","level":"INFO","message":"PUT /api/v1/users/student/csvijay48@gmail.com","ip":"::1"}
{"timestamp":"2026-05-19T02:06:20.116Z","level":"INFO","message":"POST /api/v1/instructors/login","ip":"::1"}
{"timestamp":"2026-05-19T02:06:20.481Z","level":"INFO","message":"POST /api/v1/instructors/courses","ip":"::1"}
{"timestamp":"2026-05-19T02:06:20.492Z","level":"INFO","message":"POST /api/v1/instructors/courses","ip":"::1"}
{"timestamp":"2026-05-19T02:06:29.785Z","level":"INFO","message":"GET /api/v1/instructors/courses/vijay@gmail.com","ip":"::1"}
{"timestamp":"2026-05-19T02:06:29.890Z","level":"INFO","message":"GET /api/v1/instructors/courses/vijay@gmail.com","ip":"::1"}
{"timestamp":"2026-05-19T02:06:31.542Z","level":"INFO","message":"GET /api/v1/instructors/courses/vijay@gmail.com/6a0bbea4d205c8b5e1257745/students","ip":"::1"}
{"timestamp":"2026-05-19T02:07:26.699Z","level":"INFO","message":"POST /api/v1/instructors/courses","ip":"::1"}
{"timestamp":"2026-05-19T02:07:26.709Z","level":"INFO","message":"POST /api/v1/instructors/courses","ip":"::1"}
{"timestamp":"2026-05-19T02:07:29.539Z","level":"INFO","message":"GET /api/v1/instructors/courses/edit-courses/6a0bbea4d205c8b5e1257745","ip":"::1"}
{"timestamp":"2026-05-19T02:07:29.626Z","level":"INFO","message":"GET /api/v1/instructors/courses/edit-courses/6a0bbea4d205c8b5e1257745","ip":"::1"}
{"timestamp":"2026-05-19T02:07:35.658Z","level":"INFO","message":"GET /api/v1/instructors/vijay@gmail.com","ip":"::1"}
{"timestamp":"2026-05-19T02:07:35.748Z","level":"INFO","message":"GET /api/v1/instructors/vijay@gmail.com","ip":"::1"}
{"timestamp":"2026-05-19T02:08:04.238Z","level":"INFO","message":"POST /api/v1/users/login","ip":"::1"}
{"timestamp":"2026-05-19T02:08:04.681Z","level":"INFO","message":"GET /api/v1/users/courses","ip":"::1"}
{"timestamp":"2026-05-19T02:08:04.692Z","level":"INFO","message":"GET /api/v1/users/csvijay48@gmail.com","ip":"::1"}
{"timestamp":"2026-05-19T02:08:04.701Z","level":"INFO","message":"GET /api/v1/users/name","ip":"::1"}
{"timestamp":"2026-05-19T02:08:04.708Z","level":"INFO","message":"GET /api/v1/users/student-dashboard/courses","ip":"::1"}
{"timestamp":"2026-05-19T02:08:04.756Z","level":"INFO","message":"GET /api/v1/users/courses","ip":"::1"}
{"timestamp":"2026-05-19T02:08:04.763Z","level":"INFO","message":"GET /api/v1/users/csvijay48@gmail.com","ip":"::1"}
{"timestamp":"2026-05-19T02:08:04.775Z","level":"INFO","message":"GET /api/v1/users/student-dashboard/courses","ip":"::1"}
{"timestamp":"2026-05-19T02:08:04.783Z","level":"INFO","message":"GET /api/v1/users/name","ip":"::1"}
{"timestamp":"2026-05-19T02:08:04.866Z","level":"INFO","message":"GET /api/v1/users/name","ip":"::1"}
{"timestamp":"2026-05-19T02:08:04.957Z","level":"INFO","message":"GET /api/v1/users/name","ip":"::1"}
{"timestamp":"2026-05-19T02:08:07.207Z","level":"INFO","message":"GET /api/v1/users/student-dashboard/courses","ip":"::1"}
{"timestamp":"2026-05-19T02:08:07.222Z","level":"INFO","message":"GET /api/v1/users/student-dashboard/my-courses","ip":"::1"}
{"timestamp":"2026-05-19T02:08:09.105Z","level":"INFO","message":"GET /api/v1/users/courses","ip":"::1"}
{"timestamp":"2026-05-19T02:08:09.123Z","level":"INFO","message":"GET /api/v1/users/csvijay48@gmail.com","ip":"::1"}
{"timestamp":"2026-05-19T02:08:09.137Z","level":"INFO","message":"GET /api/v1/users/name","ip":"::1"}
{"timestamp":"2026-05-19T02:08:09.151Z","level":"INFO","message":"GET /api/v1/users/course-content","ip":"::1"}
{"timestamp":"2026-05-19T02:08:09.187Z","level":"INFO","message":"GET /api/v1/users/courses","ip":"::1"}
{"timestamp":"2026-05-19T02:08:09.215Z","level":"INFO","message":"GET /api/v1/users/name","ip":"::1"}
{"timestamp":"2026-05-19T02:08:09.228Z","level":"INFO","message":"GET /api/v1/users/csvijay48@gmail.com","ip":"::1"}
{"timestamp":"2026-05-19T02:08:09.314Z","level":"INFO","message":"GET /api/v1/users/course-content","ip":"::1"}
{"timestamp":"2026-05-19T02:08:30.965Z","level":"INFO","message":"GET /api/v1/users/courses","ip":"::1"}
{"timestamp":"2026-05-19T02:08:30.983Z","level":"INFO","message":"GET /api/v1/users/csvijay48@gmail.com","ip":"::1"}
{"timestamp":"2026-05-19T02:08:30.995Z","level":"INFO","message":"GET /api/v1/users/name","ip":"::1"}
{"timestamp":"2026-05-19T02:08:31.010Z","level":"INFO","message":"GET /api/v1/users/student-dashboard/courses","ip":"::1"}
{"timestamp":"2026-05-19T02:08:31.077Z","level":"INFO","message":"GET /api/v1/users/csvijay48@gmail.com","ip":"::1"}
{"timestamp":"2026-05-19T02:08:31.102Z","level":"INFO","message":"GET /api/v1/users/courses","ip":"::1"}
{"timestamp":"2026-05-19T02:08:31.136Z","level":"INFO","message":"GET /api/v1/users/name","ip":"::1"}
{"timestamp":"2026-05-19T02:08:31.148Z","level":"INFO","message":"GET /api/v1/users/student-dashboard/courses","ip":"::1"}
{"timestamp":"2026-05-19T02:08:31.272Z","level":"INFO","message":"GET /api/v1/users/name","ip":"::1"}
{"timestamp":"2026-05-19T02:08:31.347Z","level":"INFO","message":"GET /api/v1/users/name","ip":"::1"}
{"timestamp":"2026-05-19T02:08:41.466Z","level":"INFO","message":"GET /api/v1/users/courses","ip":"::1"}
{"timestamp":"2026-05-19T02:08:41.483Z","level":"INFO","message":"GET /api/v1/users/student/csvijay48@gmail.com","ip":"::1"}
{"timestamp":"2026-05-19T02:08:41.499Z","level":"INFO","message":"GET /api/v1/users/csvijay48@gmail.com","ip":"::1"}
{"timestamp":"2026-05-19T02:08:41.515Z","level":"INFO","message":"GET /api/v1/users/name","ip":"::1"}
{"timestamp":"2026-05-19T02:08:41.574Z","level":"INFO","message":"GET /api/v1/users/courses","ip":"::1"}
{"timestamp":"2026-05-19T02:08:41.591Z","level":"INFO","message":"GET /api/v1/users/student/csvijay48@gmail.com","ip":"::1"}
{"timestamp":"2026-05-19T02:08:41.607Z","level":"INFO","message":"GET /api/v1/users/csvijay48@gmail.com","ip":"::1"}
{"timestamp":"2026-05-19T02:08:41.633Z","level":"INFO","message":"GET /api/v1/users/name","ip":"::1"}
{"timestamp":"2026-05-19T02:08:44.655Z","level":"INFO","message":"GET /api/v1/users/courses","ip":"::1"}
{"timestamp":"2026-05-19T02:08:44.671Z","level":"INFO","message":"GET /api/v1/users/csvijay48@gmail.com","ip":"::1"}
{"timestamp":"2026-05-19T02:08:44.686Z","level":"INFO","message":"GET /api/v1/users/name","ip":"::1"}
{"timestamp":"2026-05-19T02:08:44.699Z","level":"INFO","message":"GET /api/v1/users/student-dashboard/courses","ip":"::1"}
{"timestamp":"2026-05-19T02:08:44.748Z","level":"INFO","message":"GET /api/v1/users/courses","ip":"::1"}
{"timestamp":"2026-05-19T02:08:44.762Z","level":"INFO","message":"GET /api/v1/users/csvijay48@gmail.com","ip":"::1"}
{"timestamp":"2026-05-19T02:08:44.805Z","level":"INFO","message":"GET /api/v1/users/student-dashboard/courses","ip":"::1"}
{"timestamp":"2026-05-19T02:08:44.820Z","level":"INFO","message":"GET /api/v1/users/name","ip":"::1"}
{"timestamp":"2026-05-19T02:08:44.899Z","level":"INFO","message":"GET /api/v1/users/name","ip":"::1"}
{"timestamp":"2026-05-19T02:08:44.970Z","level":"INFO","message":"GET /api/v1/users/name","ip":"::1"}
{"timestamp":"2026-05-19T02:08:49.304Z","level":"INFO","message":"GET /api/v1/users/courses/6838194431506c97b67a59ea","ip":"::1"}
{"timestamp":"2026-05-19T02:08:49.409Z","level":"INFO","message":"GET /api/v1/users/courses/6838194431506c97b67a59ea","ip":"::1"}
{"timestamp":"2026-05-19T02:08:49.424Z","level":"INFO","message":"GET /api/v1/users/instructors/suhas.june.one@gmail.com","ip":"::1"}
{"timestamp":"2026-05-19T02:08:49.580Z","level":"INFO","message":"GET /api/v1/users/instructors/suhas.june.one@gmail.com","ip":"::1"}
{"timestamp":"2026-05-19T02:08:49.598Z","level":"INFO","message":"POST /api/v1/users/check-course-purchase","ip":"::1"}
{"timestamp":"2026-05-19T02:08:49.627Z","level":"INFO","message":"GET /api/v1/users/courses","ip":"::1"}
{"timestamp":"2026-05-19T02:08:49.638Z","level":"INFO","message":"GET /api/v1/users/csvijay48@gmail.com","ip":"::1"}
{"timestamp":"2026-05-19T02:08:49.650Z","level":"INFO","message":"GET /api/v1/users/name","ip":"::1"}
{"timestamp":"2026-05-19T02:08:49.680Z","level":"INFO","message":"POST /api/v1/users/check-course-purchase","ip":"::1"}
{"timestamp":"2026-05-19T02:08:49.745Z","level":"INFO","message":"GET /api/v1/users/courses","ip":"::1"}
{"timestamp":"2026-05-19T02:08:49.759Z","level":"INFO","message":"GET /api/v1/users/csvijay48@gmail.com","ip":"::1"}
{"timestamp":"2026-05-19T02:08:49.773Z","level":"INFO","message":"GET /api/v1/users/name","ip":"::1"}
{"timestamp":"2026-05-19T02:08:55.618Z","level":"INFO","message":"GET /api/v1/users/courses","ip":"::1"}
{"timestamp":"2026-05-19T02:08:55.640Z","level":"INFO","message":"GET /api/v1/users/csvijay48@gmail.com","ip":"::1"}
{"timestamp":"2026-05-19T02:08:55.658Z","level":"INFO","message":"GET /api/v1/users/name","ip":"::1"}
{"timestamp":"2026-05-19T02:08:55.675Z","level":"INFO","message":"GET /api/v1/users/student-dashboard/courses","ip":"::1"}
{"timestamp":"2026-05-19T02:08:55.748Z","level":"INFO","message":"GET /api/v1/users/courses","ip":"::1"}
{"timestamp":"2026-05-19T02:08:55.762Z","level":"INFO","message":"GET /api/v1/users/name","ip":"::1"}
{"timestamp":"2026-05-19T02:08:55.776Z","level":"INFO","message":"GET /api/v1/users/csvijay48@gmail.com","ip":"::1"}
{"timestamp":"2026-05-19T02:08:55.792Z","level":"INFO","message":"GET /api/v1/users/student-dashboard/courses","ip":"::1"}
{"timestamp":"2026-05-19T02:08:55.849Z","level":"INFO","message":"GET /api/v1/users/name","ip":"::1"}
{"timestamp":"2026-05-19T02:08:55.971Z","level":"INFO","message":"GET /api/v1/users/name","ip":"::1"}
{"timestamp":"2026-05-19T02:08:59.432Z","level":"INFO","message":"GET /api/v1/users/courses","ip":"::1"}
{"timestamp":"2026-05-19T02:08:59.448Z","level":"INFO","message":"GET /api/v1/users/csvijay48@gmail.com","ip":"::1"}
{"timestamp":"2026-05-19T02:08:59.463Z","level":"INFO","message":"GET /api/v1/users/name","ip":"::1"}
{"timestamp":"2026-05-19T02:08:59.476Z","level":"INFO","message":"GET /api/v1/users/student/csvijay48@gmail.com","ip":"::1"}
{"timestamp":"2026-05-19T02:08:59.535Z","level":"INFO","message":"GET /api/v1/users/courses","ip":"::1"}
{"timestamp":"2026-05-19T02:08:59.556Z","level":"INFO","message":"GET /api/v1/users/csvijay48@gmail.com","ip":"::1"}
{"timestamp":"2026-05-19T02:08:59.585Z","level":"INFO","message":"GET /api/v1/users/name","ip":"::1"}
{"timestamp":"2026-05-19T02:08:59.602Z","level":"INFO","message":"GET /api/v1/users/student/csvijay48@gmail.com","ip":"::1"}
{"timestamp":"2026-05-19T02:10:09.589Z","level":"INFO","message":"POST /api/v1/users/login","ip":"::1"}
{"timestamp":"2026-05-19T02:10:09.976Z","level":"INFO","message":"GET /api/v1/users/courses","ip":"::1"}
{"timestamp":"2026-05-19T02:10:09.983Z","level":"INFO","message":"GET /api/v1/users/csvijay48@gmail.com","ip":"::1"}
{"timestamp":"2026-05-19T02:10:09.991Z","level":"INFO","message":"GET /api/v1/users/name","ip":"::1"}
{"timestamp":"2026-05-19T02:10:10.002Z","level":"INFO","message":"GET /api/v1/users/student-dashboard/courses","ip":"::1"}
{"timestamp":"2026-05-19T02:10:10.049Z","level":"INFO","message":"GET /api/v1/users/csvijay48@gmail.com","ip":"::1"}
{"timestamp":"2026-05-19T02:10:10.060Z","level":"INFO","message":"GET /api/v1/users/courses","ip":"::1"}
{"timestamp":"2026-05-19T02:10:10.070Z","level":"INFO","message":"GET /api/v1/users/name","ip":"::1"}
{"timestamp":"2026-05-19T02:10:10.215Z","level":"INFO","message":"GET /api/v1/users/student-dashboard/courses","ip":"::1"}
{"timestamp":"2026-05-19T02:10:10.232Z","level":"INFO","message":"GET /api/v1/users/name","ip":"::1"}
{"timestamp":"2026-05-19T02:10:10.346Z","level":"INFO","message":"GET /api/v1/users/name","ip":"::1"}
{"timestamp":"2026-05-19T02:10:17.256Z","level":"INFO","message":"GET /api/v1/users/courses/6838194431506c97b67a59ea","ip":"::1"}
{"timestamp":"2026-05-19T02:10:17.357Z","level":"INFO","message":"GET /api/v1/users/courses/6838194431506c97b67a59ea","ip":"::1"}
{"timestamp":"2026-05-19T02:10:17.374Z","level":"INFO","message":"GET /api/v1/users/instructors/suhas.june.one@gmail.com","ip":"::1"}
{"timestamp":"2026-05-19T02:10:17.453Z","level":"INFO","message":"GET /api/v1/users/instructors/suhas.june.one@gmail.com","ip":"::1"}
{"timestamp":"2026-05-19T02:10:17.473Z","level":"INFO","message":"POST /api/v1/users/check-course-purchase","ip":"::1"}
{"timestamp":"2026-05-19T02:10:17.510Z","level":"INFO","message":"GET /api/v1/users/courses","ip":"::1"}
{"timestamp":"2026-05-19T02:10:17.527Z","level":"INFO","message":"GET /api/v1/users/csvijay48@gmail.com","ip":"::1"}
{"timestamp":"2026-05-19T02:10:17.540Z","level":"INFO","message":"GET /api/v1/users/name","ip":"::1"}
{"timestamp":"2026-05-19T02:10:17.569Z","level":"INFO","message":"POST /api/v1/users/check-course-purchase","ip":"::1"}
{"timestamp":"2026-05-19T02:10:17.609Z","level":"INFO","message":"GET /api/v1/users/courses","ip":"::1"}
{"timestamp":"2026-05-19T02:10:17.625Z","level":"INFO","message":"GET /api/v1/users/csvijay48@gmail.com","ip":"::1"}
{"timestamp":"2026-05-19T02:10:17.646Z","level":"INFO","message":"GET /api/v1/users/name","ip":"::1"}
{"timestamp":"2026-05-19T02:10:21.584Z","level":"INFO","message":"GET /api/v1/users/courses","ip":"::1"}
{"timestamp":"2026-05-19T02:10:21.603Z","level":"INFO","message":"GET /api/v1/users/csvijay48@gmail.com","ip":"::1"}
{"timestamp":"2026-05-19T02:10:21.617Z","level":"INFO","message":"GET /api/v1/users/name","ip":"::1"}
{"timestamp":"2026-05-19T02:10:21.631Z","level":"INFO","message":"GET /api/v1/users/student-dashboard/courses","ip":"::1"}
{"timestamp":"2026-05-19T02:10:21.680Z","level":"INFO","message":"GET /api/v1/users/courses","ip":"::1"}
{"timestamp":"2026-05-19T02:10:21.706Z","level":"INFO","message":"GET /api/v1/users/csvijay48@gmail.com","ip":"::1"}
{"timestamp":"2026-05-19T02:10:21.724Z","level":"INFO","message":"GET /api/v1/users/name","ip":"::1"}
{"timestamp":"2026-05-19T02:10:21.738Z","level":"INFO","message":"GET /api/v1/users/student-dashboard/courses","ip":"::1"}
{"timestamp":"2026-05-19T02:10:21.810Z","level":"INFO","message":"GET /api/v1/users/name","ip":"::1"}
{"timestamp":"2026-05-19T02:10:21.892Z","level":"INFO","message":"GET /api/v1/users/name","ip":"::1"}
{"timestamp":"2026-05-19T02:10:23.483Z","level":"INFO","message":"GET /api/v1/users/courses/68381aab31506c97b67a5a48","ip":"::1"}
{"timestamp":"2026-05-19T02:10:23.567Z","level":"INFO","message":"GET /api/v1/users/courses/68381aab31506c97b67a5a48","ip":"::1"}
{"timestamp":"2026-05-19T02:10:23.581Z","level":"INFO","message":"GET /api/v1/users/instructors/suhas.june.one@gmail.com","ip":"::1"}
{"timestamp":"2026-05-19T02:10:23.665Z","level":"INFO","message":"GET /api/v1/users/instructors/suhas.june.one@gmail.com","ip":"::1"}
{"timestamp":"2026-05-19T02:10:23.683Z","level":"INFO","message":"POST /api/v1/users/check-course-purchase","ip":"::1"}
{"timestamp":"2026-05-19T02:10:23.708Z","level":"INFO","message":"GET /api/v1/users/courses","ip":"::1"}
{"timestamp":"2026-05-19T02:10:23.726Z","level":"INFO","message":"GET /api/v1/users/csvijay48@gmail.com","ip":"::1"}
{"timestamp":"2026-05-19T02:10:23.739Z","level":"INFO","message":"GET /api/v1/users/name","ip":"::1"}
{"timestamp":"2026-05-19T02:10:23.791Z","level":"INFO","message":"GET /api/v1/users/courses","ip":"::1"}
{"timestamp":"2026-05-19T02:10:23.800Z","level":"INFO","message":"POST /api/v1/users/check-course-purchase","ip":"::1"}
{"timestamp":"2026-05-19T02:10:23.808Z","level":"INFO","message":"GET /api/v1/users/csvijay48@gmail.com","ip":"::1"}
{"timestamp":"2026-05-19T02:10:23.831Z","level":"INFO","message":"GET /api/v1/users/name","ip":"::1"}
{"timestamp":"2026-05-19T02:10:26.515Z","level":"INFO","message":"GET /api/v1/users/courses","ip":"::1"}
{"timestamp":"2026-05-19T02:10:26.530Z","level":"INFO","message":"GET /api/v1/users/csvijay48@gmail.com","ip":"::1"}
{"timestamp":"2026-05-19T02:10:26.547Z","level":"INFO","message":"GET /api/v1/users/name","ip":"::1"}
{"timestamp":"2026-05-19T02:10:26.558Z","level":"INFO","message":"GET /api/v1/users/student-dashboard/courses","ip":"::1"}
{"timestamp":"2026-05-19T02:10:26.602Z","level":"INFO","message":"GET /api/v1/users/courses","ip":"::1"}
{"timestamp":"2026-05-19T02:10:26.625Z","level":"INFO","message":"GET /api/v1/users/csvijay48@gmail.com","ip":"::1"}
{"timestamp":"2026-05-19T02:10:26.639Z","level":"INFO","message":"GET /api/v1/users/name","ip":"::1"}
{"timestamp":"2026-05-19T02:10:26.663Z","level":"INFO","message":"GET /api/v1/users/student-dashboard/courses","ip":"::1"}
{"timestamp":"2026-05-19T02:10:26.784Z","level":"INFO","message":"GET /api/v1/users/name","ip":"::1"}
{"timestamp":"2026-05-19T02:10:26.879Z","level":"INFO","message":"GET /api/v1/users/name","ip":"::1"}
{"timestamp":"2026-05-19T02:10:28.598Z","level":"INFO","message":"GET /api/v1/users/courses/683821a231506c97b67a5b31","ip":"::1"}
{"timestamp":"2026-05-19T02:10:28.688Z","level":"INFO","message":"GET /api/v1/users/courses/683821a231506c97b67a5b31","ip":"::1"}
{"timestamp":"2026-05-19T02:10:28.706Z","level":"INFO","message":"GET /api/v1/users/instructors/suhas.june.one@gmail.com","ip":"::1"}
{"timestamp":"2026-05-19T02:10:28.798Z","level":"INFO","message":"GET /api/v1/users/instructors/suhas.june.one@gmail.com","ip":"::1"}
{"timestamp":"2026-05-19T02:10:28.817Z","level":"INFO","message":"POST /api/v1/users/check-course-purchase","ip":"::1"}
{"timestamp":"2026-05-19T02:10:28.844Z","level":"INFO","message":"GET /api/v1/users/courses","ip":"::1"}
{"timestamp":"2026-05-19T02:10:28.857Z","level":"INFO","message":"GET /api/v1/users/csvijay48@gmail.com","ip":"::1"}
{"timestamp":"2026-05-19T02:10:28.869Z","level":"INFO","message":"GET /api/v1/users/name","ip":"::1"}
{"timestamp":"2026-05-19T02:10:28.896Z","level":"INFO","message":"POST /api/v1/users/check-course-purchase","ip":"::1"}
{"timestamp":"2026-05-19T02:10:28.934Z","level":"INFO","message":"GET /api/v1/users/csvijay48@gmail.com","ip":"::1"}
{"timestamp":"2026-05-19T02:10:28.951Z","level":"INFO","message":"GET /api/v1/users/courses","ip":"::1"}
{"timestamp":"2026-05-19T02:10:28.970Z","level":"INFO","message":"GET /api/v1/users/name","ip":"::1"}
{"timestamp":"2026-05-19T02:10:51.792Z","level":"INFO","message":"POST /api/v1/instructors/login","ip":"::1"}
{"timestamp":"2026-05-19T02:10:56.224Z","level":"INFO","message":"POST /api/v1/instructors/login","ip":"::1"}
{"timestamp":"2026-05-19T02:10:56.591Z","level":"INFO","message":"POST /api/v1/instructors/courses","ip":"::1"}
{"timestamp":"2026-05-19T02:10:56.601Z","level":"INFO","message":"POST /api/v1/instructors/courses","ip":"::1"}
{"timestamp":"2026-05-19T02:11:12.899Z","level":"INFO","message":"POST /api/v1/instructors/courses","ip":"::1"}
{"timestamp":"2026-05-19T02:11:12.913Z","level":"INFO","message":"POST /api/v1/instructors/courses","ip":"::1"}
{"timestamp":"2026-05-19T02:12:26.425Z","level":"INFO","message":"POST /api/v1/users/login","ip":"::1"}
{"timestamp":"2026-05-19T02:12:26.875Z","level":"INFO","message":"GET /api/v1/users/courses","ip":"::1"}
{"timestamp":"2026-05-19T02:12:26.883Z","level":"INFO","message":"GET /api/v1/users/csvijay48@gmail.com","ip":"::1"}
{"timestamp":"2026-05-19T02:12:26.891Z","level":"INFO","message":"GET /api/v1/users/name","ip":"::1"}
{"timestamp":"2026-05-19T02:12:26.899Z","level":"INFO","message":"GET /api/v1/users/student-dashboard/courses","ip":"::1"}
{"timestamp":"2026-05-19T02:12:26.944Z","level":"INFO","message":"GET /api/v1/users/courses","ip":"::1"}
{"timestamp":"2026-05-19T02:12:26.963Z","level":"INFO","message":"GET /api/v1/users/name","ip":"::1"}
{"timestamp":"2026-05-19T02:12:26.974Z","level":"INFO","message":"GET /api/v1/users/csvijay48@gmail.com","ip":"::1"}
{"timestamp":"2026-05-19T02:12:26.982Z","level":"INFO","message":"GET /api/v1/users/student-dashboard/courses","ip":"::1"}
{"timestamp":"2026-05-19T02:12:27.049Z","level":"INFO","message":"GET /api/v1/users/name","ip":"::1"}
{"timestamp":"2026-05-19T02:12:27.135Z","level":"INFO","message":"GET /api/v1/users/name","ip":"::1"}
{"timestamp":"2026-05-19T02:12:36.615Z","level":"INFO","message":"GET /api/v1/users/courses/6838194431506c97b67a59ea","ip":"::1"}
{"timestamp":"2026-05-19T02:12:36.709Z","level":"INFO","message":"GET /api/v1/users/courses/6838194431506c97b67a59ea","ip":"::1"}
{"timestamp":"2026-05-19T02:12:36.726Z","level":"INFO","message":"GET /api/v1/users/instructors/suhas.june.one@gmail.com","ip":"::1"}
{"timestamp":"2026-05-19T02:12:36.811Z","level":"INFO","message":"GET /api/v1/users/instructors/suhas.june.one@gmail.com","ip":"::1"}
{"timestamp":"2026-05-19T02:12:36.828Z","level":"INFO","message":"POST /api/v1/users/check-course-purchase","ip":"::1"}
{"timestamp":"2026-05-19T02:12:36.874Z","level":"INFO","message":"GET /api/v1/users/courses","ip":"::1"}
{"timestamp":"2026-05-19T02:12:36.888Z","level":"INFO","message":"GET /api/v1/users/csvijay48@gmail.com","ip":"::1"}
{"timestamp":"2026-05-19T02:12:36.902Z","level":"INFO","message":"GET /api/v1/users/name","ip":"::1"}
{"timestamp":"2026-05-19T02:12:36.931Z","level":"INFO","message":"POST /api/v1/users/check-course-purchase","ip":"::1"}
{"timestamp":"2026-05-19T02:12:36.969Z","level":"INFO","message":"GET /api/v1/users/courses","ip":"::1"}
{"timestamp":"2026-05-19T02:12:36.984Z","level":"INFO","message":"GET /api/v1/users/csvijay48@gmail.com","ip":"::1"}
{"timestamp":"2026-05-19T02:12:37.007Z","level":"INFO","message":"GET /api/v1/users/name","ip":"::1"}
{"timestamp":"2026-05-19T02:14:57.182Z","level":"INFO","message":"GET /api/v1/users/courses/6838194431506c97b67a59ea","ip":"::1"}
{"timestamp":"2026-05-19T02:14:57.408Z","level":"INFO","message":"GET /api/v1/users/instructors/suhas.june.one@gmail.com","ip":"::1"}
{"timestamp":"2026-05-19T02:14:57.497Z","level":"INFO","message":"POST /api/v1/users/check-course-purchase","ip":"::1"}
{"timestamp":"2026-05-19T02:15:39.164Z","level":"INFO","message":"GET /api/v1/users/courses/6838194431506c97b67a59ea","ip":"::1"}
{"timestamp":"2026-05-19T02:15:39.386Z","level":"INFO","message":"GET /api/v1/users/instructors/suhas.june.one@gmail.com","ip":"::1"}
{"timestamp":"2026-05-19T02:15:39.486Z","level":"INFO","message":"POST /api/v1/users/check-course-purchase","ip":"::1"}
{"timestamp":"2026-05-19T02:15:43.674Z","level":"INFO","message":"GET /api/v1/users/courses/6838194431506c97b67a59ea","ip":"::1"}
{"timestamp":"2026-05-19T02:15:43.766Z","level":"INFO","message":"GET /api/v1/users/courses/6838194431506c97b67a59ea","ip":"::1"}
{"timestamp":"2026-05-19T02:15:43.775Z","level":"INFO","message":"GET /api/v1/users/instructors/suhas.june.one@gmail.com","ip":"::1"}
{"timestamp":"2026-05-19T02:15:43.858Z","level":"INFO","message":"GET /api/v1/users/instructors/suhas.june.one@gmail.com","ip":"::1"}
{"timestamp":"2026-05-19T02:15:43.874Z","level":"INFO","message":"POST /api/v1/users/check-course-purchase","ip":"::1"}
{"timestamp":"2026-05-19T02:15:43.934Z","level":"INFO","message":"GET /api/v1/users/courses","ip":"::1"}
{"timestamp":"2026-05-19T02:15:43.946Z","level":"INFO","message":"GET /api/v1/users/csvijay48@gmail.com","ip":"::1"}
{"timestamp":"2026-05-19T02:15:43.956Z","level":"INFO","message":"GET /api/v1/users/name","ip":"::1"}
{"timestamp":"2026-05-19T02:15:43.989Z","level":"INFO","message":"POST /api/v1/users/check-course-purchase","ip":"::1"}
{"timestamp":"2026-05-19T02:15:44.019Z","level":"INFO","message":"GET /api/v1/users/courses","ip":"::1"}
{"timestamp":"2026-05-19T02:15:44.043Z","level":"INFO","message":"GET /api/v1/users/csvijay48@gmail.com","ip":"::1"}
{"timestamp":"2026-05-19T02:15:44.059Z","level":"INFO","message":"GET /api/v1/users/name","ip":"::1"}
{"timestamp":"2026-05-19T02:15:52.169Z","level":"INFO","message":"GET /api/v1/users/courses","ip":"::1"}
{"timestamp":"2026-05-19T02:15:52.184Z","level":"INFO","message":"GET /api/v1/users/csvijay48@gmail.com","ip":"::1"}
{"timestamp":"2026-05-19T02:15:52.198Z","level":"INFO","message":"GET /api/v1/users/name","ip":"::1"}
{"timestamp":"2026-05-19T02:15:52.211Z","level":"INFO","message":"GET /api/v1/users/student-dashboard/courses","ip":"::1"}
{"timestamp":"2026-05-19T02:15:52.264Z","level":"INFO","message":"GET /api/v1/users/courses","ip":"::1"}
{"timestamp":"2026-05-19T02:15:52.291Z","level":"INFO","message":"GET /api/v1/users/csvijay48@gmail.com","ip":"::1"}
{"timestamp":"2026-05-19T02:15:52.309Z","level":"INFO","message":"GET /api/v1/users/name","ip":"::1"}
{"timestamp":"2026-05-19T02:15:52.323Z","level":"INFO","message":"GET /api/v1/users/student-dashboard/courses","ip":"::1"}
{"timestamp":"2026-05-19T02:15:52.432Z","level":"INFO","message":"GET /api/v1/users/name","ip":"::1"}
{"timestamp":"2026-05-19T02:15:52.509Z","level":"INFO","message":"GET /api/v1/users/name","ip":"::1"}
{"timestamp":"2026-05-19T02:16:00.794Z","level":"INFO","message":"GET /api/v1/users/student-dashboard/courses","ip":"::1"}
{"timestamp":"2026-05-19T02:16:00.808Z","level":"INFO","message":"GET /api/v1/users/student-dashboard/my-courses","ip":"::1"}
{"timestamp":"2026-05-19T02:16:03.440Z","level":"INFO","message":"GET /api/v1/users/courses","ip":"::1"}
{"timestamp":"2026-05-19T02:16:03.455Z","level":"INFO","message":"GET /api/v1/users/csvijay48@gmail.com","ip":"::1"}
{"timestamp":"2026-05-19T02:16:03.466Z","level":"INFO","message":"GET /api/v1/users/name","ip":"::1"}
{"timestamp":"2026-05-19T02:16:03.476Z","level":"INFO","message":"GET /api/v1/users/student-dashboard/courses","ip":"::1"}
{"timestamp":"2026-05-19T02:16:03.533Z","level":"INFO","message":"GET /api/v1/users/courses","ip":"::1"}
{"timestamp":"2026-05-19T02:16:03.546Z","level":"INFO","message":"GET /api/v1/users/csvijay48@gmail.com","ip":"::1"}
{"timestamp":"2026-05-19T02:16:03.573Z","level":"INFO","message":"GET /api/v1/users/student-dashboard/courses","ip":"::1"}
{"timestamp":"2026-05-19T02:16:03.585Z","level":"INFO","message":"GET /api/v1/users/name","ip":"::1"}
{"timestamp":"2026-05-19T02:16:03.659Z","level":"INFO","message":"GET /api/v1/users/name","ip":"::1"}
{"timestamp":"2026-05-19T02:16:03.729Z","level":"INFO","message":"GET /api/v1/users/name","ip":"::1"}
{"timestamp":"2026-05-19T02:16:51.681Z","level":"INFO","message":"POST /api/v1/users/login","ip":"::1"}
{"timestamp":"2026-05-19T02:16:52.136Z","level":"INFO","message":"GET /api/v1/users/courses","ip":"::1"}
{"timestamp":"2026-05-19T02:16:52.146Z","level":"INFO","message":"GET /api/v1/users/csvijay48@gmail.com","ip":"::1"}
{"timestamp":"2026-05-19T02:16:52.155Z","level":"INFO","message":"GET /api/v1/users/name","ip":"::1"}
{"timestamp":"2026-05-19T02:16:52.172Z","level":"INFO","message":"GET /api/v1/users/student-dashboard/courses","ip":"::1"}
{"timestamp":"2026-05-19T02:16:52.216Z","level":"INFO","message":"GET /api/v1/users/courses","ip":"::1"}
{"timestamp":"2026-05-19T02:16:52.228Z","level":"INFO","message":"GET /api/v1/users/csvijay48@gmail.com","ip":"::1"}
{"timestamp":"2026-05-19T02:16:52.236Z","level":"INFO","message":"GET /api/v1/users/name","ip":"::1"}
{"timestamp":"2026-05-19T02:16:52.251Z","level":"INFO","message":"GET /api/v1/users/student-dashboard/courses","ip":"::1"}
{"timestamp":"2026-05-19T02:16:52.304Z","level":"INFO","message":"GET /api/v1/users/name","ip":"::1"}
{"timestamp":"2026-05-19T02:16:52.372Z","level":"INFO","message":"GET /api/v1/users/name","ip":"::1"}
{"timestamp":"2026-05-19T02:16:57.460Z","level":"INFO","message":"GET /api/v1/users/student-dashboard/courses","ip":"::1"}
{"timestamp":"2026-05-19T02:16:57.473Z","level":"INFO","message":"GET /api/v1/users/student-dashboard/my-courses","ip":"::1"}
{"timestamp":"2026-05-19T02:16:59.430Z","level":"INFO","message":"GET /api/v1/users/courses","ip":"::1"}
{"timestamp":"2026-05-19T02:16:59.445Z","level":"INFO","message":"GET /api/v1/users/csvijay48@gmail.com","ip":"::1"}
{"timestamp":"2026-05-19T02:16:59.460Z","level":"INFO","message":"GET /api/v1/users/name","ip":"::1"}
{"timestamp":"2026-05-19T02:16:59.473Z","level":"INFO","message":"GET /api/v1/users/course-content","ip":"::1"}
{"timestamp":"2026-05-19T02:16:59.518Z","level":"INFO","message":"GET /api/v1/users/csvijay48@gmail.com","ip":"::1"}
{"timestamp":"2026-05-19T02:16:59.529Z","level":"INFO","message":"GET /api/v1/users/courses","ip":"::1"}
{"timestamp":"2026-05-19T02:16:59.549Z","level":"INFO","message":"GET /api/v1/users/name","ip":"::1"}
{"timestamp":"2026-05-19T02:16:59.622Z","level":"INFO","message":"GET /api/v1/users/course-content","ip":"::1"}
{"timestamp":"2026-05-19T02:17:01.617Z","level":"INFO","message":"POST /api/v1/users/update-progress","ip":"::1"}
{"timestamp":"2026-05-19T02:17:04.145Z","level":"INFO","message":"GET /api/v1/users/courses","ip":"::1"}
{"timestamp":"2026-05-19T02:17:04.162Z","level":"INFO","message":"GET /api/v1/users/csvijay48@gmail.com","ip":"::1"}
{"timestamp":"2026-05-19T02:17:04.177Z","level":"INFO","message":"GET /api/v1/users/name","ip":"::1"}
{"timestamp":"2026-05-19T02:17:04.197Z","level":"INFO","message":"GET /api/v1/users/student-dashboard/courses","ip":"::1"}
{"timestamp":"2026-05-19T02:17:04.238Z","level":"INFO","message":"GET /api/v1/users/courses","ip":"::1"}
{"timestamp":"2026-05-19T02:17:04.258Z","level":"INFO","message":"GET /api/v1/users/csvijay48@gmail.com","ip":"::1"}
{"timestamp":"2026-05-19T02:17:04.295Z","level":"INFO","message":"GET /api/v1/users/name","ip":"::1"}
{"timestamp":"2026-05-19T02:17:04.310Z","level":"INFO","message":"GET /api/v1/users/student-dashboard/courses","ip":"::1"}
{"timestamp":"2026-05-19T02:17:04.374Z","level":"INFO","message":"GET /api/v1/users/name","ip":"::1"}
{"timestamp":"2026-05-19T02:17:04.455Z","level":"INFO","message":"GET /api/v1/users/name","ip":"::1"}
{"timestamp":"2026-05-19T02:17:07.553Z","level":"INFO","message":"GET /api/v1/users/courses","ip":"::1"}
{"timestamp":"2026-05-19T02:17:07.561Z","level":"INFO","message":"GET /api/v1/users/csvijay48@gmail.com","ip":"::1"}
{"timestamp":"2026-05-19T02:17:07.569Z","level":"INFO","message":"GET /api/v1/users/name","ip":"::1"}
{"timestamp":"2026-05-19T02:17:07.577Z","level":"INFO","message":"GET /api/v1/users/student-dashboard/courses","ip":"::1"}
{"timestamp":"2026-05-19T02:17:07.665Z","level":"INFO","message":"GET /api/v1/users/courses","ip":"::1"}
{"timestamp":"2026-05-19T02:17:07.683Z","level":"INFO","message":"GET /api/v1/users/csvijay48@gmail.com","ip":"::1"}
{"timestamp":"2026-05-19T02:17:07.698Z","level":"INFO","message":"GET /api/v1/users/name","ip":"::1"}
{"timestamp":"2026-05-19T02:17:07.726Z","level":"INFO","message":"GET /api/v1/users/student-dashboard/courses","ip":"::1"}
{"timestamp":"2026-05-19T02:17:07.769Z","level":"INFO","message":"GET /api/v1/users/name","ip":"::1"}
{"timestamp":"2026-05-19T02:17:07.921Z","level":"INFO","message":"GET /api/v1/users/name","ip":"::1"}
{"timestamp":"2026-05-19T02:17:13.162Z","level":"INFO","message":"GET /api/v1/users/student-dashboard/courses","ip":"::1"}
{"timestamp":"2026-05-19T02:17:13.175Z","level":"INFO","message":"GET /api/v1/users/student-dashboard/my-courses","ip":"::1"}
{"timestamp":"2026-05-19T02:17:16.246Z","level":"INFO","message":"GET /api/v1/users/student-dashboard/courses","ip":"::1"}
{"timestamp":"2026-05-19T02:17:20.515Z","level":"INFO","message":"GET /api/v1/users/courses","ip":"::1"}
{"timestamp":"2026-05-19T02:17:20.524Z","level":"INFO","message":"GET /api/v1/users/csvijay48@gmail.com","ip":"::1"}
{"timestamp":"2026-05-19T02:17:20.529Z","level":"INFO","message":"GET /api/v1/users/name","ip":"::1"}
{"timestamp":"2026-05-19T02:17:20.539Z","level":"INFO","message":"GET /api/v1/users/student-dashboard/courses","ip":"::1"}
{"timestamp":"2026-05-19T02:17:22.066Z","level":"INFO","message":"GET /api/v1/users/name","ip":"::1"}
{"timestamp":"2026-05-19T02:17:22.079Z","level":"INFO","message":"GET /api/v1/users/courses","ip":"::1"}
{"timestamp":"2026-05-19T02:17:22.091Z","level":"INFO","message":"GET /api/v1/users/csvijay48@gmail.com","ip":"::1"}
{"timestamp":"2026-05-19T02:17:22.119Z","level":"INFO","message":"GET /api/v1/users/student-dashboard/courses","ip":"::1"}
{"timestamp":"2026-05-19T02:17:23.160Z","level":"INFO","message":"GET /api/v1/users/name","ip":"::1"}
{"timestamp":"2026-05-19T02:17:24.520Z","level":"INFO","message":"GET /api/v1/users/name","ip":"::1"}
{"timestamp":"2026-05-19T02:17:24.650Z","level":"INFO","message":"GET /api/v1/users/student-dashboard/courses","ip":"::1"}
{"timestamp":"2026-05-19T02:17:24.662Z","level":"INFO","message":"GET /api/v1/users/student-dashboard/my-courses","ip":"::1"}
{"timestamp":"2026-05-19T02:17:26.724Z","level":"INFO","message":"GET /api/v1/users/student-dashboard/courses","ip":"::1"}
{"timestamp":"2026-05-19T02:17:27.328Z","level":"INFO","message":"GET /api/v1/users/student-dashboard/my-courses","ip":"::1"}
{"timestamp":"2026-05-19T02:17:28.341Z","level":"INFO","message":"GET /api/v1/users/student-dashboard/courses","ip":"::1"}
{"timestamp":"2026-05-19T02:17:46.934Z","level":"INFO","message":"POST /api/v1/users/login","ip":"::1"}
{"timestamp":"2026-05-19T02:17:47.298Z","level":"INFO","message":"GET /api/v1/users/courses","ip":"::1"}
{"timestamp":"2026-05-19T02:17:47.306Z","level":"INFO","message":"GET /api/v1/users/csvijay48@gmail.com","ip":"::1"}
{"timestamp":"2026-05-19T02:17:47.313Z","level":"INFO","message":"GET /api/v1/users/name","ip":"::1"}
{"timestamp":"2026-05-19T02:17:47.327Z","level":"INFO","message":"GET /api/v1/users/student-dashboard/courses","ip":"::1"}
{"timestamp":"2026-05-19T02:17:47.363Z","level":"INFO","message":"GET /api/v1/users/courses","ip":"::1"}
{"timestamp":"2026-05-19T02:17:47.376Z","level":"INFO","message":"GET /api/v1/users/csvijay48@gmail.com","ip":"::1"}
{"timestamp":"2026-05-19T02:17:47.392Z","level":"INFO","message":"GET /api/v1/users/name","ip":"::1"}
{"timestamp":"2026-05-19T02:17:47.400Z","level":"INFO","message":"GET /api/v1/users/student-dashboard/courses","ip":"::1"}
{"timestamp":"2026-05-19T02:17:47.458Z","level":"INFO","message":"GET /api/v1/users/name","ip":"::1"}
{"timestamp":"2026-05-19T02:17:47.530Z","level":"INFO","message":"GET /api/v1/users/name","ip":"::1"}
{"timestamp":"2026-05-19T02:17:54.865Z","level":"INFO","message":"GET /api/v1/users/student-dashboard/courses","ip":"::1"}
{"timestamp":"2026-05-19T02:17:54.878Z","level":"INFO","message":"GET /api/v1/users/student-dashboard/my-courses","ip":"::1"}
{"timestamp":"2026-05-19T02:17:56.411Z","level":"INFO","message":"GET /api/v1/users/student-dashboard/courses","ip":"::1"}
{"timestamp":"2026-05-19T02:17:56.426Z","level":"INFO","message":"GET /api/v1/users/student-dashboard/my-courses","ip":"::1"}
{"timestamp":"2026-05-19T02:17:58.146Z","level":"INFO","message":"GET /api/v1/users/student-dashboard/courses","ip":"::1"}
{"timestamp":"2026-05-19T02:18:33.956Z","level":"INFO","message":"GET /api/v1/users/student-dashboard/courses","ip":"::1"}
{"timestamp":"2026-05-19T02:18:33.969Z","level":"INFO","message":"GET /api/v1/users/student-dashboard/my-courses","ip":"::1"}
{"timestamp":"2026-05-19T02:18:35.181Z","level":"INFO","message":"GET /api/v1/users/student-dashboard/courses","ip":"::1"}
{"timestamp":"2026-05-19T02:18:35.196Z","level":"INFO","message":"GET /api/v1/users/student-dashboard/my-courses","ip":"::1"}
{"timestamp":"2026-05-19T02:25:09.197Z","level":"INFO","message":"POST /api/v1/users/login","ip":"::1"}
{"timestamp":"2026-05-19T02:25:09.598Z","level":"INFO","message":"GET /api/v1/users/courses","ip":"::1"}
{"timestamp":"2026-05-19T02:25:09.607Z","level":"INFO","message":"GET /api/v1/users/csvijay48@gmail.com","ip":"::1"}
{"timestamp":"2026-05-19T02:25:09.614Z","level":"INFO","message":"GET /api/v1/users/name","ip":"::1"}
{"timestamp":"2026-05-19T02:25:09.625Z","level":"INFO","message":"GET /api/v1/users/student-dashboard/courses","ip":"::1"}
{"timestamp":"2026-05-19T02:25:09.682Z","level":"INFO","message":"GET /api/v1/users/courses","ip":"::1"}
{"timestamp":"2026-05-19T02:25:09.705Z","level":"INFO","message":"GET /api/v1/users/csvijay48@gmail.com","ip":"::1"}
{"timestamp":"2026-05-19T02:25:09.720Z","level":"INFO","message":"GET /api/v1/users/student-dashboard/courses","ip":"::1"}
{"timestamp":"2026-05-19T02:25:09.734Z","level":"INFO","message":"GET /api/v1/users/name","ip":"::1"}
{"timestamp":"2026-05-19T02:25:09.833Z","level":"INFO","message":"GET /api/v1/users/name","ip":"::1"}
{"timestamp":"2026-05-19T02:25:10.027Z","level":"INFO","message":"GET /api/v1/users/name","ip":"::1"}
{"timestamp":"2026-05-19T02:25:15.417Z","level":"INFO","message":"GET /api/v1/users/courses/6838194431506c97b67a59ea","ip":"::1"}
{"timestamp":"2026-05-19T02:25:15.493Z","level":"INFO","message":"GET /api/v1/users/courses/6838194431506c97b67a59ea","ip":"::1"}
{"timestamp":"2026-05-19T02:25:15.509Z","level":"INFO","message":"GET /api/v1/users/instructors/suhas.june.one@gmail.com","ip":"::1"}
{"timestamp":"2026-05-19T02:25:15.596Z","level":"INFO","message":"GET /api/v1/users/instructors/suhas.june.one@gmail.com","ip":"::1"}
{"timestamp":"2026-05-19T02:25:15.617Z","level":"INFO","message":"POST /api/v1/users/check-course-purchase","ip":"::1"}
{"timestamp":"2026-05-19T02:25:15.660Z","level":"INFO","message":"GET /api/v1/users/courses","ip":"::1"}
{"timestamp":"2026-05-19T02:25:15.671Z","level":"INFO","message":"GET /api/v1/users/csvijay48@gmail.com","ip":"::1"}
{"timestamp":"2026-05-19T02:25:15.684Z","level":"INFO","message":"GET /api/v1/users/name","ip":"::1"}
{"timestamp":"2026-05-19T02:25:15.736Z","level":"INFO","message":"POST /api/v1/users/check-course-purchase","ip":"::1"}
{"timestamp":"2026-05-19T02:25:15.784Z","level":"INFO","message":"GET /api/v1/users/courses","ip":"::1"}
{"timestamp":"2026-05-19T02:25:15.833Z","level":"INFO","message":"GET /api/v1/users/csvijay48@gmail.com","ip":"::1"}
{"timestamp":"2026-05-19T02:25:15.840Z","level":"INFO","message":"GET /api/v1/users/name","ip":"::1"}
{"timestamp":"2026-05-19T02:25:20.483Z","level":"INFO","message":"GET /api/v1/users/courses","ip":"::1"}
{"timestamp":"2026-05-19T02:25:20.502Z","level":"INFO","message":"GET /api/v1/users/csvijay48@gmail.com","ip":"::1"}
{"timestamp":"2026-05-19T02:25:20.518Z","level":"INFO","message":"GET /api/v1/users/name","ip":"::1"}
{"timestamp":"2026-05-19T02:25:20.533Z","level":"INFO","message":"GET /api/v1/users/student-dashboard/courses","ip":"::1"}
{"timestamp":"2026-05-19T02:25:20.582Z","level":"INFO","message":"GET /api/v1/users/courses","ip":"::1"}
{"timestamp":"2026-05-19T02:25:20.604Z","level":"INFO","message":"GET /api/v1/users/csvijay48@gmail.com","ip":"::1"}
{"timestamp":"2026-05-19T02:25:20.623Z","level":"INFO","message":"GET /api/v1/users/name","ip":"::1"}
{"timestamp":"2026-05-19T02:25:20.663Z","level":"INFO","message":"GET /api/v1/users/student-dashboard/courses","ip":"::1"}
{"timestamp":"2026-05-19T02:25:20.726Z","level":"INFO","message":"GET /api/v1/users/name","ip":"::1"}
{"timestamp":"2026-05-19T02:25:20.804Z","level":"INFO","message":"GET /api/v1/users/name","ip":"::1"}
{"timestamp":"2026-05-19T02:25:22.202Z","level":"INFO","message":"GET /api/v1/users/student-dashboard/courses","ip":"::1"}
{"timestamp":"2026-05-19T02:25:22.213Z","level":"INFO","message":"GET /api/v1/users/student-dashboard/my-courses","ip":"::1"}
{"timestamp":"2026-05-19T02:25:24.189Z","level":"INFO","message":"GET /api/v1/users/courses","ip":"::1"}
{"timestamp":"2026-05-19T02:25:24.208Z","level":"INFO","message":"GET /api/v1/users/csvijay48@gmail.com","ip":"::1"}
{"timestamp":"2026-05-19T02:25:24.221Z","level":"INFO","message":"GET /api/v1/users/course-content","ip":"::1"}
{"timestamp":"2026-05-19T02:25:24.233Z","level":"INFO","message":"GET /api/v1/users/name","ip":"::1"}
{"timestamp":"2026-05-19T02:25:24.304Z","level":"INFO","message":"GET /api/v1/users/courses","ip":"::1"}
{"timestamp":"2026-05-19T02:25:24.316Z","level":"INFO","message":"GET /api/v1/users/csvijay48@gmail.com","ip":"::1"}
{"timestamp":"2026-05-19T02:25:24.335Z","level":"INFO","message":"GET /api/v1/users/name","ip":"::1"}
{"timestamp":"2026-05-19T02:25:24.388Z","level":"INFO","message":"GET /api/v1/users/course-content","ip":"::1"}
